// Jest Snapshot v1, https://goo.gl/fbAQLP

exports[`Testing Notification Icon  Display Notifications 1`] = `
<DocumentFragment>
  <div
    id="notification-icon"
  >
    <div
      data-testid="badge"
      id="badge"
    >
      1
    </div>
  </div>
</DocumentFragment>
`;
